============================= test session starts =============================
platform win32 -- Python 3.14.3, pytest-9.1.0, pluggy-1.6.0
rootdir: C:\qa-cicd-practice
plugins: html-4.2.0, metadata-3.1.1
collected 8 items

tests\regression\test_device_regresstion.py ....                         [ 50%]
tests\smoke\test_device_smoke.py ....                                    [100%]

--------- generated xml file: C:\qa-cicd-practice\reports\result.xml ----------
--- Generated html report: file:///C:/qa-cicd-practice/reports/result.html ----
============================== 8 passed in 0.07s ==============================
